thA = [0.00409387 +/- 3.09e-9]  nuCL = [-1.95362 +/- 1.51e-6]  e^{-nuCL} = [7.05417 +/- 3.06e-6]
v in [0.1000, 0.1150]  X <=   42.0175  c0=0.80  q/theta >=   603.688  margin 13.183
v in [0.1150, 0.1322]  X <=   36.1356  c0=0.80  q/theta >=   515.854  margin 13.062
v in [0.1322, 0.1521]  X <=   31.0746  c0=0.80  q/theta >=   439.646  margin 12.901
v in [0.1521, 0.1749]  X <=   26.7170  c0=0.80  q/theta >=   373.569  margin 12.698
v in [0.1749, 0.2011]  X <=   22.9638  c0=0.80  q/theta >=   316.325  margin 12.449
v in [0.2011, 0.2313]  X <=   19.7307  c0=0.80  q/theta >=   266.787  margin 12.150
v in [0.2313, 0.2660]  X <=   16.9888  c0=0.80  q/theta >=   223.978  margin 11.767
v in [0.2660, 0.3059]  X <=   14.5827  c0=0.80  q/theta >=   187.050  margin 11.359
v in [0.3059, 0.3518]  X <=   12.2538  c0=0.80  q/theta >=   171.123  margin 12.310
v in [0.3518, 0.4046]  X <=   10.3787  c0=0.80  q/theta >=   162.327  margin 13.711
v in [0.4046, 0.4652]  X <=    8.1949  c0=0.60  q/theta >=   152.770  margin 16.116
v in [0.4652, 0.5350]  X <=    5.9452  c0=0.60  q/theta >=   142.472  margin 20.085
v in [0.5350, 0.6153]  X <=    4.8811  c0=0.60  q/theta >=   131.485  margin 21.985
v in [0.6153, 0.7076]  X <=    4.0845  c0=0.60  q/theta >=   119.893  margin 23.262
v in [0.7076, 0.8137]  X <=    3.4198  c0=0.60  q/theta >=   107.820  margin 24.130
v in [0.8137, 0.9358]  X <=    2.8597  c0=0.60  q/theta >=    95.432  margin 24.510
v in [0.9358, 1.0761]  X <=    2.3889  c0=0.60  q/theta >=    82.934  margin 24.303
v in [1.0761, 1.2375]  X <=    1.6322  c0=0.40  q/theta >=    70.571  margin 26.700
v in [1.2375, 1.4232]  X <=    1.2940  c0=0.40  q/theta >=    58.615  margin 25.475
v in [1.4232, 1.6367]  X <=    1.0371  c0=0.40  q/theta >=    47.348  margin 23.192
v in [1.6367, 1.8822]  X <=    0.8259  c0=0.40  q/theta >=    37.041  margin 20.256
v in [1.8822, 2.1645]  X <=    0.6508  c0=0.40  q/theta >=    27.930  margin 16.901
v in [2.1645, 2.4891]  X <=    0.5061  c0=0.40  q/theta >=    20.187  margin 13.394
v in [2.4891, 2.8625]  X <=    0.3873  c0=0.40  q/theta >=    13.897  margin 10.013
v in [2.8625, 3.2919]  X <=    0.2902  c0=0.40  q/theta >=     9.046  margin 7.009
v in [3.2919, 3.7857]  X <=    0.2118  c0=0.40  q/theta >=     7.054  margin 5.821
v in [3.7857, 4.3535]  X <=    0.1492  c0=0.40  q/theta >=     7.054  margin 6.138
v in [4.3535, 5.0066]  X <=    0.1006  c0=0.40  q/theta >=     7.054  margin 6.409
v in [5.0066, 5.7575]  X <=    0.0642  c0=0.40  q/theta >=     7.054  margin 6.628
v in [5.7575, 6.6212]  X <=    0.0385  c0=0.40  q/theta >=     7.054  margin 6.793
v in [6.6212, 7.6144]  X <=    0.0216  c0=0.40  q/theta >=     7.054  margin 6.905
v in [7.6144, 8.7565]  X <=    0.0117  c0=0.40  q/theta >=     7.054  margin 6.973
v in [8.7565, inf]  X <=    0.0066  c0=0.40  q/theta >=     7.054  margin 7.008
CL-b PROVED for n >= 100000 ; min margin (q/theta)/(1+X/(1-th X)) >= 5.820554325591455
