[OK] A1  int_R e^{-Bt^2/2} t^p / sqrt(2pi/B) = (p-1)!!/B^{p/2} (p even, odd = 0 by symmetry) and E|Z|^p formula, p <= 20
[OK] A2  normalisation factors: N(0,1/B') moments -> sqrt(2pi/B) units via sqrt(B/B'); tail e^{-Bt^2/4} via sqrt(2)
[OK] A3  tail: log(e^{-B phi0^2/4} e^{-Bt^2/4}) - log e^{-Bt^2/2} = B(t^2-phi0^2)/4 >= 0 for |t| >= phi0
[OK] B0  Li_{-s}(z) closed forms = (z d/dz)^s [z/(1-z)], s = 0..5
[OK] B1  psi factor: d^r/dphi^r [-log(1-y e^{ia phi})] at 0 = (ia)^r Li_{1-r}(y), r = 2..6  (so psi^(r)(0) = i^r kappa_r)
[OK] B2  H(0)=0, H'(0)=i c1, H''(0)=-c2, H'''(0)=-i c3, H''''(0)=c4, H^(5)(0)=i c5 with c1 = 1+Kq/(1-q), c_r = K^r Li_{1-r}(q)
[OK] B3  |1-q e^{ix}|^2 - (1-q)^2 = 2q(1-cos x) >= 0, hence |G| <= g0 and Re H <= 0
[OK] C1  D0 = 1 + k4/(8B^2) - 5k3^2/(24B^3) = N0 exactly; Ntil0 is real (so Ntil0/D0 in R)
[OK] C2  M2 (doc) == M2 (code);  Mmodel - M2 = Num/N0 with Num (11 monomials) == the polynomial hard-coded in ws_p12_eps.core at B = 1
[OK] C3  D0, Ntil0, M2, Num are invariant under kappa_r -> lam^r kappa_r, c_r -> lam^r c_r, B -> lam^2 B  (justifies the B = 1 scaled core)
[OK] D1  |cubic Taylor of e^{w_hat} - Q| <= (a4^2/2+a3a5)t^8 + a4a5 t^9 + a5^2/2 t^10 + (1/2)(a4t^4+a5t^5)(a3t^3+a4t^4+a5t^5)^2  coefficient-wise
[OK] D2  e^z - sum_{r<4} z^r/r! = z^4 int_0^1 (1-s)^3/3! e^{sz} ds  =>  |.| <= |z|^4/24 max(1, e^{Re z});  |z| <= a3t^3+a4t^4+a5t^5
[OK] D3  Re w_hat = a4 t^4 = kappa4 t^4/24 (w3, w5 purely imaginary); |e^w - e^{w_hat}| <= |w - w_hat| e^{max(Re w, Re w_hat)} (segment), |w - w_hat| <= a6 t^6 (Taylor, |psi^(6)| <= kappa6)
[OK] D4  delta0 B t^2/2 - (k4 t^4/24 + k6 t^6/720) = t^2[k4(phi0^2-t^2)/24 + k6(phi0^4-t^4)/720] >= 0 on |t| <= phi0; also a4t^4 <= this bound
[ELEM, by hand, one line] D5  Re omega <= k4 t^4/24 + k6 t^6/720: Re psi has Taylor terms -Bt^2/2 + k4 t^4/24 at orders <= 5 (B1: odd orders imaginary), remainder <= k6 t^6/720
[OK] E1  e^H - P_H = (e^H-1-H-H^2/2) + (H - sum_{r<=4} H_r) + (H-H1)(H+H1)/2   [exact]
[ELEM, by hand, one line] E2  bounds: |e^H-1-H-H^2/2| <= |H|^3/6 <= c1^3 t^3/6 (Re H<=0, |H|<=c1 t); |H - sum H_r| <= c5 t^5/120; |H-H1| <= c2 t^2/2, |H+H1| <= 2c1 t  => T_H
[OK] E3  T_H = c5 t^5/120 + (c1c2/2 + c1^3/6) t^3 equals the sum of the E2 pieces
[OK] E4  Qabs = coefficient-wise |Q| exactly; PH1abs dominates |P_H - 1| coefficient-wise; |e^H - 1| <= c1 t (|H'| <= c1, Re H <= 0)
[OK] F1  chi(e^H-1) - g Q (P_H-1) = g[(e^w - Q)(e^H - 1) + Q(e^H - P_H)]  => central E_N = int c1 t T_w e^{-(1-delta0)Bt^2/2} + int Qabs T_H g
[OK] F2  Ntil/D - N0/D0 = [(Ntil-N0) - r0 (D-D0)]/D, |D| >= |D0| - E_D  => Delta_model = (E_N + |r0| E_D)/(|D0| - E_D)
[OK] F3  for |e| <= d < 1: log(1+e) in [log(1-d), log(1+d)] and -log(1-d) - log(1+d) = -log(1-d^2) >= 0  => |L - L2| <= -log(1 - Delta/M2)
[ELEM, by hand, one line] F4  L - L2 = log(R/g0) - log M2 (L2 = -theta - log(1-q) + log M2 = log g0 + log M2), |R/g0 - M2| <= Delta_model + |Mmodel - M2|
[ELEM, by hand, one line] F5  minor arcs: |e^H - 1| <= 2, arc length 2(pi - phi0) <= 2pi  => |int chi(e^H-1)| <= 2*2pi*sup|chi|, |int chi| <= 2pi*sup|chi|
[OK] F6  independent eps (from the sympy polynomials) == ws_p12_eps.core on 25 random inputs, max rel diff 1.7e-13
[OK] G1  theta_-^2 m <= (1-d)^2 z2 (m <= n = z2 beta^2) and theta_-^2 S(theta_-) >= z2 - T(K theta_-) - theta_-; z2 - (1-d)^2 z2 = (2d - d^2) z2
[OK] G2  T(v) = int_v^inf u/(e^u-1) = sum_l e^{-lv}(v/l + 1/l^2) <= (v+1) sum_l e^{-lv} = (v+1)e^{-v}/(1-e^{-v})  (termwise, l >= 1)
[ELEM, by hand, one line] G3  t^2 S(t) = t sum_{i<=k} f1(it) >= int_t^{Kt} f1 = F1(Kt) - F1(t) >= F1(Kt) - t  (f1 decreasing E1, 0 < f1 <= 1)
[OK] G4  K theta_- >= (mu - 2beta)(1-d)/beta = (l-2)(1-d) =: v, T decreasing; e^{-v} = e^2 x exp(C(l^2 x - 2 l x)) with x = e^{-l} = 1/beta
[OK] G5  v + 1 = (l - 1) - (l-2) d <= l - 1;  dividing the sufficient condition by l x gives exactly G = 2C z2 - C^2 z2 l x - e^2 e^{C l^2 x}/(1-e^{-v}) - 1/l > 0
[ELEM, by hand, one line] G6  G > 0 on all beta >= beta_A is certified by ws_mech_window.py (worst box G >= 1.0092), no monotonicity in beta used
all checks passed (4s)
