=== Lemma CR with mechanical Psi ===
thCR = [0.00573577 +/- 4.12e-9]  nuCR = [1.04306 +/- 4.97e-6]  v >= [6.19835 +/- 3.26e-6]
X <= [0.0320369 +/- 7.60e-9]  (c0 = [0.400000000000000 +/- 4.45e-17] )  psi = [0.33808 +/- 7.33e-7]  M = [1.66e-9 +/- 2.01e-12]
e^{-nu'}/(1-q) + X <= [0.385131 +/- 1.69e-7]
C-right PROVED for n >= 100000  margin: log R_k <= -theta*(1 - 0.3851)
=== Lemma CL-b with mechanical Psi ===
thA = [0.00409387 +/- 3.09e-9]  nuCL = [-1.95362 +/- 1.51e-6]  e^{-nuCL} = [7.05417 +/- 3.06e-6]
v in [0.1000, 0.1150]  X <=   45.0770  c0=0.80  q/theta >=   603.688  margin 12.249
v in [0.1150, 0.1322]  X <=   36.7066  c0=0.80  q/theta >=   515.854  margin 12.851
v in [0.1322, 0.1521]  X <=   32.1415  c0=0.80  q/theta >=   439.646  margin 12.458
v in [0.1521, 0.1749]  X <=   28.2106  c0=0.80  q/theta >=   373.569  margin 12.006
v in [0.1749, 0.2011]  X <=   23.3593  c0=0.80  q/theta >=   316.325  margin 12.234
v in [0.2011, 0.2313]  X <=   20.3779  c0=0.80  q/theta >=   266.787  margin 11.759
v in [0.2313, 0.2660]  X <=   17.1132  c0=0.80  q/theta >=   223.978  margin 11.681
v in [0.2660, 0.3059]  X <=   14.8686  c0=0.80  q/theta >=   187.050  margin 11.141
v in [0.3059, 0.3518]  X <=   12.2704  c0=0.80  q/theta >=   171.123  margin 12.294
v in [0.3518, 0.4046]  X <=   10.3836  c0=0.80  q/theta >=   162.327  margin 13.705
v in [0.4046, 0.4652]  X <=    8.7754  c0=0.80  q/theta >=   152.770  margin 15.122
v in [0.4652, 0.5350]  X <=    6.1431  c0=0.60  q/theta >=   142.472  margin 19.512
v in [0.5350, 0.6153]  X <=    4.9078  c0=0.60  q/theta >=   131.485  margin 21.884
v in [0.6153, 0.7076]  X <=    4.0863  c0=0.60  q/theta >=   119.893  margin 23.254
v in [0.7076, 0.8137]  X <=    3.4199  c0=0.60  q/theta >=   107.820  margin 24.129
v in [0.8137, 0.9358]  X <=    2.8597  c0=0.60  q/theta >=    95.432  margin 24.510
v in [0.9358, 1.0761]  X <=    2.3889  c0=0.60  q/theta >=    82.934  margin 24.303
v in [1.0761, 1.2375]  X <=    1.6258  c0=0.40  q/theta >=    70.571  margin 26.765
v in [1.2375, 1.4232]  X <=    1.2934  c0=0.40  q/theta >=    58.615  margin 25.481
v in [1.4232, 1.6367]  X <=    1.0369  c0=0.40  q/theta >=    47.348  margin 23.194
v in [1.6367, 1.8822]  X <=    0.8259  c0=0.40  q/theta >=    37.041  margin 20.256
v in [1.8822, 2.1645]  X <=    0.6508  c0=0.40  q/theta >=    27.930  margin 16.901
v in [2.1645, 2.4891]  X <=    0.5061  c0=0.40  q/theta >=    20.187  margin 13.394
v in [2.4891, 2.8625]  X <=    0.3873  c0=0.40  q/theta >=    13.897  margin 10.013
v in [2.8625, 3.2919]  X <=    0.2902  c0=0.40  q/theta >=     9.046  margin 7.009
v in [3.2919, 3.7857]  X <=    0.2118  c0=0.40  q/theta >=     7.054  margin 5.821
v in [3.7857, 4.3535]  X <=    0.1492  c0=0.40  q/theta >=     7.054  margin 6.138
v in [4.3535, 5.0066]  X <=    0.1006  c0=0.40  q/theta >=     7.054  margin 6.409
v in [5.0066, 5.7575]  X <=    0.0642  c0=0.40  q/theta >=     7.054  margin 6.628
v in [5.7575, 6.6212]  X <=    0.0385  c0=0.40  q/theta >=     7.054  margin 6.793
v in [6.6212, 7.6144]  X <=    0.0216  c0=0.40  q/theta >=     7.054  margin 6.905
v in [7.6144, 8.7565]  X <=    0.0117  c0=0.40  q/theta >=     7.054  margin 6.973
v in [8.7565, inf]  X <=    0.0066  c0=0.40  q/theta >=     7.054  margin 7.008
CL-b PROVED for n >= 100000 ; min margin (q/theta)/(1+X/(1-th X)) >= 5.8205543259425
time 139.7s
